// Jest Snapshot v1, https://goo.gl/fbAQLP

exports[`AddBlog Component renders empty when no inputs 1`] = `
<form
  className="AddBlog"
  onSubmit={[Function]}
>
  <div
    className="AddBlog__title"
  >
    <label
      htmlFor="title"
    >
      Title: 
    </label>
    <input
      id="title"
      name="title"
      onChange={[Function]}
      required={true}
      type="text"
      value=""
    />
  </div>
  <div
    className="AddBlog__picture"
  >
    <label
      htmlFor="picture"
    >
      Url for Picture: 
    </label>
    <input
      id="picture"
      name="picture"
      onChange={[Function]}
      required={true}
      type="url"
      value=""
    />
  </div>
  <div
    className="AddBlog__content"
  >
    <t
      config={
        Object {
          "attribution": false,
          "charCounterCount": true,
          "fontSizeDefaultSelection": "16",
          "fontSizeSelection": true,
          "initOnClick": true,
          "placeholderText": "Edit Blog Content",
        }
      }
      id="content"
      model=""
      name="content"
      onModelChange={[Function]}
      tag="textarea"
    />
  </div>
  <div
    className="AddBlog__buttons"
  >
    <button
      type="submit"
    >
      Submit
    </button>
    <button>
      Cancel
    </button>
  </div>
</form>
`;
