// Jest Snapshot v1, https://goo.gl/fbAQLP

exports[`LoginForm Component renders the UI as expected 1`] = `
<form
  className="LoginForm"
>
  <div
    className="LoginForm__username"
  >
    <label
      htmlFor="username"
    >
      Username: 
    </label>
    <input
      className="Input "
      id="username"
      name="username"
      required={true}
      type="text"
    />
  </div>
  <div
    className="LoginForm__password"
  >
    <label
      htmlFor="password"
    >
      Password: 
    </label>
    <input
      className="Input "
      id="password"
      name="password"
      required={true}
      type="password"
    />
  </div>
  <div
    className="LoginForm__buttons"
  >
    <button
      className="Button "
      type="submit"
    >
      Login
    </button>
    <button
      className="Button "
      type="button"
    >
      Create Account
    </button>
  </div>
</form>
`;
