// Jest Snapshot v1, https://goo.gl/fbAQLP

exports[`BlogBody Component renders the UI as expected 1`] = `
<main
  className="BlogBody"
>
  <header>
    <h2
      className="BlogBody__title"
    />
  </header>
  <div
    className="BlogBody__pic"
    style={
      Object {
        "backgroundImage": "url('undefined')",
      }
    }
  />
  <div
    className="BlogBody__date_and_author"
  >
    <div
      className="BlogBody__date"
    />
    <div
      className="BlogBody__author"
    />
  </div>
  <div
    className="BlogBody__content"
  />
</main>
`;
