// Jest Snapshot v1, https://goo.gl/fbAQLP

exports[`BlogBody Component renders the UI as expected 1`] = `
<main
  className="BlogBody"
>
  <header>
    <h2
      className="BlogBody__title"
    >
      test title
    </h2>
  </header>
  <div
    className="BlogBody__pic"
    style={
      Object {
        "backgroundImage": "url('https://picsum.photos/seed/three/900/510')",
      }
    }
  />
  <div
    className="BlogBody__date_and_author"
  >
    <div
      className="BlogBody__date"
    >
      December 22, 2019
    </div>
    <div
      className="BlogBody__author"
    >
      test author
    </div>
  </div>
  <div
    className="BlogBody__content"
  >
    test content
  </div>
</main>
`;
