// Jest Snapshot v1, https://goo.gl/fbAQLP

exports[`BlogPage Component renders the UI as expected 1`] = `
<div
  className="Page BlogPage"
>
  <div
    className="BlogPage--loading"
  />
  <section
    className="BlogPage__blog_list"
  >
    <h3>
      <span
        className="BlogPage--color-splash"
      >
        Recent
      </span>
       Blogs
    </h3>
    <ul
      className="BlogList"
    />
  </section>
</div>
`;
