// Jest Snapshot v1, https://goo.gl/fbAQLP

exports[`BlogListItem Component renders the UI as expected 1`] = `
<li
  className="BlogListItem"
>
  <a
    className="BlogListItem__title_link"
    href="/blogs/1"
    onClick={[Function]}
  >
    <div
      className="BlogListItem__info"
    >
      <header>
        <h3
          className="BlogListItem__title"
        >
          test title
        </h3>
        <h4
          className="BlogListItem__date_and_views"
        >
          <span
            className="BlogListItem--color-splash"
          >
            December 22
          </span>
          , 2019
           · views: 
          <span
            className="BlogListItem--color-splash"
          >
            0
          </span>
        </h4>
      </header>
      <div
        className="BlogListItem__author"
      >
        undefined author
      </div>
    </div>
    <div
      className="BlogListItem__pic_holder"
    >
      <div
        className="BlogListItem__pic"
        style={
          Object {
            "backgroundImage": "url('https://picsum.photos/seed/three/900/510')",
          }
        }
      />
    </div>
  </a>
</li>
`;
