// Jest Snapshot v1, https://goo.gl/fbAQLP

exports[`BlogsListPage Component renders the UI as expected 1`] = `
<main
  className="BlogsListPage"
>
  <ul
    className="BlogsListPage__ul"
  >
    <li
      className="BlogListItem"
    >
      <div
        className="BlogListItem__info"
      >
        <a
          className="BlogListItem__title_link"
          href="/blog/1"
          onClick={[Function]}
        >
          <h3
            className="BlogListItem__title"
          >
            Maintaining Prettier Code Using... Prettier.
          </h3>
        </a>
        <div
          className="BlogListItem__date_and_length"
        >
          December 22, 2019 · 9 min read
        </div>
        <div
          className="BlogListItem__author"
        >
          Brandon Hutchison
        </div>
        <div
          className="BlogListItem__line"
        />
      </div>
      <div
        className="BlogListItem__pic_holder"
      >
        <a
          href="/blog/1"
          onClick={[Function]}
        >
          <div
            className="BlogListItem__pic"
            style={
              Object {
                "backgroundImage": "url('https://picsum.photos/seed/three/255/255')",
              }
            }
          />
        </a>
      </div>
    </li>
    <li
      className="BlogListItem"
    >
      <div
        className="BlogListItem__info"
      >
        <a
          className="BlogListItem__title_link"
          href="/blog/2"
          onClick={[Function]}
        >
          <h3
            className="BlogListItem__title"
          >
            This is the Title of This Blog
          </h3>
        </a>
        <div
          className="BlogListItem__date_and_length"
        >
          August 15, 2019 · 10 min read
        </div>
        <div
          className="BlogListItem__author"
        >
          Tom Terlecki
        </div>
        <div
          className="BlogListItem__line"
        />
      </div>
      <div
        className="BlogListItem__pic_holder"
      >
        <a
          href="/blog/2"
          onClick={[Function]}
        >
          <div
            className="BlogListItem__pic"
            style={
              Object {
                "backgroundImage": "url('https://picsum.photos/seed/2/255/255')",
              }
            }
          />
        </a>
      </div>
    </li>
    <li
      className="BlogListItem"
    >
      <div
        className="BlogListItem__info"
      >
        <a
          className="BlogListItem__title_link"
          href="/blog/3"
          onClick={[Function]}
        >
          <h3
            className="BlogListItem__title"
          >
            Why Learn to Code?
          </h3>
        </a>
        <div
          className="BlogListItem__date_and_length"
        >
          May 4, 2019 · 15 min read
        </div>
        <div
          className="BlogListItem__author"
        >
          Sterling Watts
        </div>
        <div
          className="BlogListItem__line"
        />
      </div>
      <div
        className="BlogListItem__pic_holder"
      >
        <a
          href="/blog/3"
          onClick={[Function]}
        >
          <div
            className="BlogListItem__pic"
            style={
              Object {
                "backgroundImage": "url('https://picsum.photos/seed/one/255/255')",
              }
            }
          />
        </a>
      </div>
    </li>
    <li
      className="BlogListItem"
    >
      <div
        className="BlogListItem__info"
      >
        <a
          className="BlogListItem__title_link"
          href="/blog/4"
          onClick={[Function]}
        >
          <h3
            className="BlogListItem__title"
          >
            Better Commit Messages
          </h3>
        </a>
        <div
          className="BlogListItem__date_and_length"
        >
          May 4, 2019 · 10 min read
        </div>
        <div
          className="BlogListItem__author"
        >
          Sterling Watts
        </div>
        <div
          className="BlogListItem__line"
        />
      </div>
      <div
        className="BlogListItem__pic_holder"
      >
        <a
          href="/blog/4"
          onClick={[Function]}
        >
          <div
            className="BlogListItem__pic"
            style={
              Object {
                "backgroundImage": "url('https://picsum.photos/seed/dino/255/255')",
              }
            }
          />
        </a>
      </div>
    </li>
  </ul>
</main>
`;
